EDITING DELEGATE: shouldBeginEditingInDOMRange:range from 0 of DIV > BODY > HTML > #document to 2 of DIV > BODY > HTML > #document
EDITING DELEGATE: webViewDidBeginEditing:WebViewDidBeginEditingNotification
EDITING DELEGATE: webViewDidChangeSelection:WebViewDidChangeSelectionNotification
EDITING DELEGATE: webViewDidChangeSelection:WebViewDidChangeSelectionNotification
EDITING DELEGATE: webViewDidChangeSelection:WebViewDidChangeSelectionNotification
EDITING DELEGATE: webViewDidChangeSelection:WebViewDidChangeSelectionNotification
EDITING DELEGATE: shouldEndEditingInDOMRange:range from 0 of DIV > BODY > HTML > #document to 2 of DIV > BODY > HTML > #document
EDITING DELEGATE: webViewDidEndEditing:WebViewDidEndEditingNotification
EDITING DELEGATE: shouldBeginEditingInDOMRange:range from 0 of DIV > BODY > HTML > #document to 1 of DIV > BODY > HTML > #document
EDITING DELEGATE: webViewDidBeginEditing:WebViewDidBeginEditingNotification
EDITING DELEGATE: webViewDidChangeSelection:WebViewDidChangeSelectionNotification
EDITING DELEGATE: webViewDidChangeSelection:WebViewDidChangeSelectionNotification
CONSOLE MESSAGE: line 21: ReferenceError: Can't find variable: Markup
layer at (0,0) size 800x600
  RenderView at (0,0) size 800x600
layer at (0,0) size 800x600
  RenderBlock {HTML} at (0,0) size 800x600
    RenderBody {BODY} at (8,8) size 784x584
      RenderBlock {DIV} at (0,0) size 784x60
        RenderBlock {DIV} at (0,0) size 784x40
          RenderBlock {DIV} at (0,0) size 784x20
            RenderText {#text} at (0,0) size 21x19
              text run at (0,0) width 21: "foo"
          RenderBlock (anonymous) at (0,20) size 784x20
            RenderText {#text} at (0,0) size 20x19
              text run at (0,0) width 20: "bar"
        RenderBlock (anonymous) at (0,40) size 784x20
          RenderText {#text} at (0,0) size 22x19
            text run at (0,0) width 22: "baz"
      RenderBlock {DIV} at (0,60) size 784x20
        RenderText {#text} at (0,0) size 21x19
          text run at (0,0) width 21: "foo"
caret: position 3 of child 0 {#text} of child 2 {DIV} of body
