EDITING DELEGATE: shouldBeginEditingInDOMRange:range from 0 of DIV > BODY > HTML > #document to 5 of DIV > BODY > HTML > #document
EDITING DELEGATE: webViewDidBeginEditing:WebViewDidBeginEditingNotification
EDITING DELEGATE: webViewDidChangeSelection:WebViewDidChangeSelectionNotification
EDITING DELEGATE: webViewDidChangeSelection:WebViewDidChangeSelectionNotification
EDITING DELEGATE: webViewDidChangeSelection:WebViewDidChangeSelectionNotification
layer at (0,0) size 800x600
  RenderView at (0,0) size 800x600
layer at (0,0) size 800x600
  RenderBlock {HTML} at (0,0) size 800x600
    RenderBody {BODY} at (8,8) size 784x584
      RenderBlock (anonymous) at (0,0) size 784x60
        RenderText {#text} at (0,0) size 197x19
          text run at (0,0) width 197: "This is a testcase for the fix for "
        RenderInline {A} at (0,0) size 343x19 [color=#0000EE]
          RenderText {#text} at (197,0) size 343x19
            text run at (197,0) width 343: "http://bugzilla.opendarwin.org/show_bug.cgi?id=7904"
        RenderText {#text} at (540,0) size 772x59
          text run at (540,0) width 8: ". "
          text run at (548,0) width 224: "ReplaceSelectionCommand used to"
          text run at (0,20) width 438: "guess whether or not nodes in the fragment to be pasted were blocks. "
          text run at (438,20) width 147: "It now knows for sure. "
          text run at (585,20) width 91: "Before the fix,"
          text run at (0,40) width 603: "ReplaceSelectionCommand blew away content of the div below after copy/pasting it over itself."
      RenderBlock {HR} at (0,68) size 784x2 [border: (1px inset #000000)]
      RenderBlock {DIV} at (0,78) size 784x40
        RenderBlock {SPAN} at (0,0) size 784x20
          RenderInline {B} at (0,0) size 137x19
            RenderText {#text} at (0,0) size 137x19
              text run at (0,0) width 137: "This is a paragraph."
        RenderBlock {SPAN} at (0,20) size 784x20
          RenderInline {B} at (0,0) size 182x19
            RenderText {#text} at (0,0) size 182x19
              text run at (0,0) width 182: "This is another paragraph."
selection start: position 0 of child 0 {#text} of child 0 {B} of child 1 {SPAN} of child 5 {DIV} of body
selection end:   position 4 of child 0 {#text} of child 0 {B} of child 3 {SPAN} of child 5 {DIV} of body
