EDITING DELEGATE: shouldBeginEditingInDOMRange:range from 0 of DIV > BODY > HTML > #document to 3 of DIV > BODY > HTML > #document
EDITING DELEGATE: webViewDidBeginEditing:WebViewDidBeginEditingNotification
EDITING DELEGATE: webViewDidChangeSelection:WebViewDidChangeSelectionNotification
EDITING DELEGATE: shouldChangeSelectedDOMRange:range from 0 of PRE > DIV > DIV > BODY > HTML > #document to 0 of PRE > DIV > DIV > BODY > HTML > #document toDOMRange:range from 0 of #text > PRE > DIV > DIV > BODY > HTML > #document to 7 of #text > PRE > DIV > DIV > BODY > HTML > #document affinity:NSSelectionAffinityDownstream stillSelecting:FALSE
EDITING DELEGATE: webViewDidChangeSelection:WebViewDidChangeSelectionNotification
layer at (0,0) size 800x600
  RenderView at (0,0) size 800x600
layer at (0,0) size 800x600
  RenderBlock {HTML} at (0,0) size 800x600
    RenderBody {BODY} at (8,8) size 784x579
      RenderBlock {DIV} at (0,0) size 784x40
        RenderText {#text} at (0,0) size 147x19
          text run at (0,0) width 147: "This is a layout test for "
        RenderInline {A} at (0,0) size 149x19 [color=#0000EE]
          RenderText {#text} at (147,0) size 149x19
            text run at (147,0) width 149: "rdar://problem/4370209"
        RenderText {#text} at (296,0) size 784x39
          text run at (296,0) width 393: " \"Reproducible crash when pasting over whitespace:pre text\". "
          text run at (689,0) width 95: "The text below"
          text run at (0,20) width 263: "is selected, copied, and pasted over itself. "
          text run at (263,20) width 205: "You'll see foo/nbar if successful."
      RenderBlock {DIV} at (0,53) size 784x32
        RenderBlock {DIV} at (0,0) size 784x32
          RenderBlock {PRE} at (0,0) size 784x32
            RenderText {#text} at (0,0) size 24x32
              text run at (0,0) width 24: "foo"
              text run at (24,0) width 0: " "
              text run at (0,16) width 24: "bar"
selection start: position 0 of child 0 {#text} of child 1 {PRE} of child 1 {DIV} of child 3 {DIV} of body
selection end:   position 7 of child 0 {#text} of child 1 {PRE} of child 1 {DIV} of child 3 {DIV} of body
