EDITING DELEGATE: shouldBeginEditingInDOMRange:range from 0 of DIV > BODY > HTML > #document to 3 of DIV > BODY > HTML > #document
EDITING DELEGATE: webViewDidBeginEditing:WebViewDidBeginEditingNotification
EDITING DELEGATE: webViewDidChangeSelection:WebViewDidChangeSelectionNotification
EDITING DELEGATE: webViewDidChangeSelection:WebViewDidChangeSelectionNotification
EDITING DELEGATE: webViewDidChangeSelection:WebViewDidChangeSelectionNotification
EDITING DELEGATE: webViewDidChangeSelection:WebViewDidChangeSelectionNotification
EDITING DELEGATE: webViewDidChangeSelection:WebViewDidChangeSelectionNotification
EDITING DELEGATE: webViewDidChangeSelection:WebViewDidChangeSelectionNotification
EDITING DELEGATE: webViewDidChangeSelection:WebViewDidChangeSelectionNotification
EDITING DELEGATE: webViewDidChangeSelection:WebViewDidChangeSelectionNotification
EDITING DELEGATE: webViewDidChangeSelection:WebViewDidChangeSelectionNotification
layer at (0,0) size 800x600
  RenderView at (0,0) size 800x600
layer at (0,0) size 800x600
  RenderBlock {HTML} at (0,0) size 800x600
    RenderBody {BODY} at (8,8) size 784x584
      RenderBlock {DIV} at (0,0) size 784x210 [border: (2px solid #0000FF)]
        RenderBlock {DIV} at (14,14) size 756x83
          RenderText {#text} at (0,0) size 67x26
            text run at (0,0) width 67: "Tests: "
          RenderBR {BR} at (0,0) size 0x0
          RenderText {#text} at (0,27) size 162x27
            text run at (0,27) width 162: "Fix for this bug: "
          RenderInline {A} at (0,0) size 260x27 [color=#0000EE]
            RenderText {#text} at (162,27) size 260x27
              text run at (162,27) width 260: "<rdar://problem/4039676>"
          RenderText {#text} at (422,27) size 315x27
            text run at (422,27) width 315: " REGRESSION (Mail): in reply,"
          RenderInline {CR} at (0,0) size 708x27
            RenderText {#text} at (0,55) size 708x27
              text run at (0,55) width 708: "on pasted text (without trailing newline) is eaten when pasted above date"
        RenderBlock {DIV} at (14,113) size 756x83
          RenderText {#text} at (0,0) size 189x26
            text run at (0,0) width 189: "Expected Results: "
          RenderBR {BR} at (189,21) size 0x0
          RenderText {#text} at (0,27) size 708x55
            text run at (0,27) width 708: "Should see two lines of text below, self-documenting themselves as \"line"
            text run at (0,55) width 197: "one\" and \"line two\"."
      RenderBlock {DIV} at (0,234) size 784x60
        RenderBlock {DIV} at (0,0) size 784x60 [border: (2px solid #FF0000)]
          RenderText {#text} at (2,2) size 78x27
            text run at (2,2) width 78: "line one"
          RenderBR {BR} at (80,23) size 0x0
          RenderText {#text} at (2,30) size 79x27
            text run at (2,30) width 79: "line two"
selection start: position 1 of child 0 {#text} of child 1 {DIV} of child 3 {DIV} of body
selection end:   position 9 of child 0 {#text} of child 1 {DIV} of child 3 {DIV} of body
