EDITING DELEGATE: shouldBeginEditingInDOMRange:range from 0 of DIV > BODY > HTML > #document to 2 of DIV > BODY > HTML > #document
EDITING DELEGATE: webViewDidBeginEditing:WebViewDidBeginEditingNotification
EDITING DELEGATE: webViewDidChangeSelection:WebViewDidChangeSelectionNotification
EDITING DELEGATE: shouldEndEditingInDOMRange:range from 0 of DIV > BODY > HTML > #document to 2 of DIV > BODY > HTML > #document
EDITING DELEGATE: webViewDidChangeSelection:WebViewDidChangeSelectionNotification
EDITING DELEGATE: webViewDidEndEditing:WebViewDidEndEditingNotification
EDITING DELEGATE: shouldChangeSelectedDOMRange:(null) toDOMRange:range from 124 of #text > P > BODY > HTML > #document to 124 of #text > P > BODY > HTML > #document affinity:NSSelectionAffinityDownstream stillSelecting:FALSE
EDITING DELEGATE: webViewDidChangeSelection:WebViewDidChangeSelectionNotification
EDITING DELEGATE: shouldChangeSelectedDOMRange:range from 124 of #text > P > BODY > HTML > #document to 124 of #text > P > BODY > HTML > #document toDOMRange:range from 124 of #text > P > BODY > HTML > #document to 124 of #text > P > BODY > HTML > #document affinity:NSSelectionAffinityDownstream stillSelecting:FALSE
EDITING DELEGATE: webViewDidChangeSelection:WebViewDidChangeSelectionNotification
EDITING DELEGATE: webViewDidChangeSelection:WebViewDidChangeSelectionNotification
layer at (0,0) size 800x600
  RenderView at (0,0) size 800x600
layer at (0,0) size 800x600
  RenderBlock {HTML} at (0,0) size 800x600
    RenderBody {BODY} at (8,8) size 784x584
      RenderBlock {P} at (0,0) size 784x40
        RenderText {#text} at (0,0) size 773x39
          text run at (0,0) width 394: "There was a bug in paste's smart replace whitespace handling. "
          text run at (394,0) width 379: "In some cases, it used information gathered at the start of the"
          text run at (0,20) width 722: "selection being pasted into to decide whether or not a space needed to be added to the end of the incoming content."
      RenderBlock {P} at (0,56) size 784x40
        RenderText {#text} at (0,0) size 765x39
          text run at (0,0) width 548: "A smart paste is performed into a selection starting in one block and ending in another. "
          text run at (548,0) width 217: "Spaces should surround the pasted"
          text run at (0,20) width 37: "word."
      RenderBlock {DIV} at (0,112) size 784x40
        RenderBlock {DIV} at (0,0) size 784x20
          RenderText {#text} at (0,0) size 21x19
            text run at (0,0) width 21: "foo"
        RenderBlock {DIV} at (0,20) size 784x20
          RenderText {#text} at (0,0) size 32x19
            text run at (0,0) width 32: "x bar"
caret: position 124 of child 0 {#text} of child 2 {P} of body
