layer at (0,0) size 800x600
  RenderView at (0,0) size 800x600
layer at (0,0) size 800x600
  RenderBlock {HTML} at (0,0) size 800x600
    RenderBody {BODY} at (8,8) size 784x584
      RenderInline {TESTA} at (0,0) size 304x19
        RenderText {#text} at (0,0) size 304x19
          text run at (0,0) width 304: "This paragraph should have a green background"
      RenderText {#text} at (0,0) size 0x0
