layer at (0,0) size 800x600
  RenderView at (0,0) size 800x600
layer at (0,0) size 800x148
  RenderBlock {HTML} at (0,0) size 800x148
    RenderBody {BODY} at (8,16) size 784x116
      RenderBlock {P} at (0,0) size 784x116
        RenderBR {BR} at (0,1) size 0x73
        RenderBR {BR} at (0,76) size 0x19
        RenderText {#text} at (0,96) size 163x19
          text run at (0,96) width 163: "This line should be green."
