layer at (0,0) size 800x600
  RenderView at (0,0) size 800x600
layer at (0,0) size 800x600
  RenderBlock {HTML} at (0,0) size 800x600
    RenderBody {BODY} at (8,8) size 784x576
      RenderBlock {P} at (0,0) size 784x20
        RenderInline {FOO:BAR} at (0,0) size 163x19 [color=#FFFF00] [bgcolor=#FF0000]
          RenderText {#text} at (0,0) size 163x19
            text run at (0,0) width 163: "This text should be green."
        RenderText {#text} at (0,0) size 0x0
