layer at (0,0) size 800x600
  RenderView at (0,0) size 800x600
layer at (0,0) size 800x600
  RenderBlock {HTML} at (0,0) size 800x600
    RenderBody {BODY} at (8,8) size 784x584
      RenderBlock {DIV} at (0,0) size 784x20
        RenderInline {T} at (0,0) size 286x19 [color=#FF0000]
          RenderText {#text} at (0,0) size 286x19
            text run at (0,0) width 286: "This paragraph should be in green characters."
        RenderText {#text} at (0,0) size 0x0
