EDITING DELEGATE: shouldBeginEditingInDOMRange:range from 0 of BODY > HTML > #document to 6 of BODY > HTML > #document
EDITING DELEGATE: webViewDidBeginEditing:WebViewDidBeginEditingNotification
EDITING DELEGATE: webViewDidChangeSelection:WebViewDidChangeSelectionNotification
EDITING DELEGATE: shouldChangeSelectedDOMRange:range from 0 of DIV > BODY > HTML > #document to 0 of DIV > BODY > HTML > #document toDOMRange:range from 0 of #text > DIV > BODY > HTML > #document to 3 of #text > DIV > BODY > HTML > #document affinity:NSSelectionAffinityDownstream stillSelecting:FALSE
EDITING DELEGATE: webViewDidChangeSelection:WebViewDidChangeSelectionNotification
layer at (0,0) size 800x600
  RenderView at (0,0) size 800x600
layer at (0,0) size 800x600
  RenderBlock {HTML} at (0,0) size 800x600
    RenderBody {BODY} at (8,8) size 784x584
      RenderBlock {DIV} at (0,0) size 784x92
        RenderBlock (anonymous) at (0,0) size 784x20
          RenderText {#text} at (0,0) size 21x19
            text run at (0,0) width 21: "foo"
        RenderBlock {BLOCKQUOTE} at (40,36) size 704x20
          RenderText {#text} at (0,0) size 20x19
            text run at (0,0) width 20: "bar"
        RenderBlock (anonymous) at (0,72) size 784x20
          RenderText {#text} at (0,0) size 22x19
            text run at (0,0) width 22: "baz"
selection start: position 0 of child 0 {#text} of child 1 {DIV} of body
selection end:   position 3 of child 2 {#text} of child 1 {DIV} of body
