CONSOLE MESSAGE: line 4: SyntaxError: Parse error
layer at (0,0) size 800x600
  RenderView at (0,0) size 800x600
layer at (0,0) size 800x600
  RenderBlock {HTML} at (0,0) size 800x600
    RenderBody {BODY} at (8,8) size 784x579
      RenderBlock {PRE} at (0,0) size 784x48
        RenderText {#text} at (0,0) size 0x48
          text run at (0,0) width 0: " "
          text run at (0,16) width 0: " "
          text run at (0,32) width 0: " "
