CONSOLE MESSAGE: line 14: ReferenceError: Can't find variable: Markup
EDITING DELEGATE: shouldBeginEditingInDOMRange:range from 0 of BODY > HTML > #document to 4 of BODY > HTML > #document
EDITING DELEGATE: webViewDidBeginEditing:WebViewDidBeginEditingNotification
EDITING DELEGATE: webViewDidChangeSelection:WebViewDidChangeSelectionNotification
CONSOLE MESSAGE: line 18: ReferenceError: Can't find variable: Markup
layer at (0,0) size 800x600
  RenderView at (0,0) size 800x600
layer at (0,0) size 800x600
  RenderBlock {HTML} at (0,0) size 800x600
    RenderBody {BODY} at (8,8) size 784x584
      RenderBlock (anonymous) at (0,0) size 784x20
        RenderText {#text} at (0,0) size 31x19
          text run at (0,0) width 31: "hello"
      RenderBlock {DIV} at (0,20) size 784x56 [border: (2px solid #FF0000)]
        RenderBR {BR} at (14,14) size 0x27
      RenderBlock (anonymous) at (0,76) size 784x20
        RenderBR {BR} at (0,0) size 0x19
caret: position 0 of child 0 {BR} of child 1 {DIV} of body
