layer at (0,0) size 800x1604
  RenderView at (0,0) size 800x600
layer at (0,0) size 800x1604
  RenderBlock {HTML} at (0,0) size 800x1604
    RenderBody {BODY} at (8,8) size 784x1564
      RenderBlock (anonymous) at (0,0) size 784x259
        RenderText {#text} at (0,0) size 778x184
          text run at (0,0) width 778: "This is test page that we navigate to as part of testing various"
          text run at (0,37) width 231: "navigation styles. "
          text run at (231,37) width 468: "It includes a form so that we can test"
          text run at (0,74) width 730: "saving and restoring of form data, and it needs to be long"
          text run at (0,111) width 680: "enough that we can test saving and restoring of scroll"
          text run at (0,148) width 119: "position. "
        RenderBR {BR} at (119,176) size 0x0
        RenderBR {BR} at (0,185) size 0x36
        RenderBR {BR} at (0,222) size 0x36
      RenderBlock {HR} at (0,275) size 784x2 [border: (1px inset #000000)]
      RenderBlock {FORM} at (0,293) size 784x478
        RenderButton {INPUT} at (2,2) size 125x24 [bgcolor=#C0C0C0] [border: (2px outset #C0C0C0)]
          RenderBlock (anonymous) at (8,4) size 109x16
            RenderText at (0,0) size 109x16
              text run at (0,0) width 109: "Submit with POST"
        RenderBR {BR} at (129,19) size 0x0
        RenderButton {INPUT} at (2,30) size 253x24 [bgcolor=#C0C0C0] [border: (2px outset #C0C0C0)]
          RenderBlock (anonymous) at (8,4) size 237x16
            RenderText at (0,0) size 237x16
              text run at (0,0) width 237: "Submit with POST followed by a redirect"
        RenderBR {BR} at (257,47) size 0x0
        RenderText {#text} at (0,56) size 376x36
          text run at (0,56) width 376: "Here are some form elements"
        RenderTextControl {INPUT} at (378,67) size 157x24 [bgcolor=#FFFFFF] [border: (2px inset #000000)]
        RenderBR {BR} at (537,84) size 0x0
        RenderText {#text} at (0,93) size 334x36
          text run at (0,93) width 334: "that we can use for testing"
        RenderTextControl {INPUT} at (336,104) size 157x24 [bgcolor=#FFFFFF] [border: (2px inset #000000)]
        RenderBR {BR} at (495,121) size 0x0
        RenderBlock {INPUT} at (3,145) size 13x13
        RenderText {#text} at (20,130) size 73x36
          text run at (20,130) width 73: " Male"
        RenderBR {BR} at (93,158) size 0x0
        RenderBlock {INPUT} at (3,182) size 13x13
        RenderText {#text} at (20,167) size 102x36
          text run at (20,167) width 102: " Female"
        RenderBR {BR} at (122,195) size 0x0
        RenderBlock {INPUT} at (3,219) size 13x13
        RenderText {#text} at (20,204) size 130x36
          text run at (20,204) width 130: " option #1"
        RenderBR {BR} at (150,232) size 0x0
        RenderBlock {INPUT} at (3,256) size 13x13
        RenderText {#text} at (20,241) size 130x36
          text run at (20,241) width 130: " option #2"
        RenderBR {BR} at (150,269) size 0x0
        RenderMenuList {SELECT} at (2,280) size 288x26 [bgcolor=#FFFFFF] [border: (1px solid #000000)]
          RenderBlock (anonymous) at (9,5) size 248x16
            RenderText at (0,0) size 68x16
              text run at (0,0) width 68: "Initial Value"
        RenderBR {BR} at (292,298) size 0x0
        RenderText {#text} at (0,0) size 0x0
      RenderBlock {HR} at (0,803) size 784x2 [border: (1px inset #000000)]
      RenderBlock {P} at (0,837) size 784x37
        RenderText {#text} at (0,0) size 62x36
          text run at (0,0) width 62: "Now"
      RenderBlock {P} at (0,906) size 784x37
        RenderText {#text} at (0,0) size 67x36
          text run at (0,0) width 67: "some"
      RenderBlock {P} at (0,975) size 784x37
        RenderText {#text} at (0,0) size 63x36
          text run at (0,0) width 63: "filler"
      RenderBlock {P} at (0,1044) size 784x37
        RenderText {#text} at (0,0) size 28x36
          text run at (0,0) width 28: "so"
      RenderBlock {P} at (0,1113) size 784x37
        RenderText {#text} at (0,0) size 39x36
          text run at (0,0) width 39: "the"
      RenderBlock {P} at (0,1182) size 784x37
        RenderText {#text} at (0,0) size 46x36
          text run at (0,0) width 46: "doc"
      RenderBlock {P} at (0,1251) size 784x37
        RenderText {#text} at (0,0) size 21x36
          text run at (0,0) width 21: "is"
      RenderBlock {P} at (0,1320) size 784x37
        RenderText {#text} at (0,0) size 57x36
          text run at (0,0) width 57: "long"
      RenderBlock {P} at (0,1389) size 784x37
        RenderText {#text} at (0,0) size 94x36
          text run at (0,0) width 94: "enough"
      RenderBlock {P} at (0,1458) size 784x37
        RenderText {#text} at (0,0) size 112x36
          text run at (0,0) width 112: "to scroll."
      RenderBlock {P} at (0,1527) size 784x37
        RenderInline {A} at (0,0) size 531x36
          RenderText {#text} at (0,0) size 531x36
            text run at (0,0) width 531: "This is an anchor point named \"anchor1\"."
layer at (389,372) size 151x16 scrollWidth 160
  RenderBlock {DIV} at (3,4) size 151x16
    RenderText {#text} at (1,0) size 158x16
      text run at (1,0) width 158: "Initial text before user input"
layer at (347,409) size 151x16
  RenderBlock {DIV} at (3,4) size 151x16
layer at (10,611) size 246x166 clip at (11,612) size 244x164
  RenderTextControl {TEXTAREA} at (2,310) size 246x166 [bgcolor=#FFFFFF] [border: (1px solid #000000)]
    RenderBlock {DIV} at (3,3) size 240x48
      RenderText {#text} at (0,0) size 240x32
        text run at (0,0) width 232: "More initial text before user"
        text run at (232,0) width 8: " "
        text run at (0,16) width 48: "input."
        text run at (48,16) width 0: " "
      RenderBR {BR} at (0,32) size 0x16
