layer at (0,0) size 800x2769
  RenderView at (0,0) size 800x600
layer at (0,0) size 800x2769
  RenderBlock {HTML} at (0,0) size 800x2769
    RenderBody {BODY} at (8,8) size 784x2745
      RenderBlock (anonymous) at (0,0) size 784x40
        RenderText {#text} at (0,0) size 760x39
          text run at (0,0) width 760: "In this test, all of the spanning elements have their spans turned off dynamically, and so they should just be in the column"
          text run at (0,20) width 33: "flow."
        RenderText {#text} at (0,0) size 0x0
layer at (8,64) size 760x403
  RenderBlock {DIV} at (0,56) size 760x403 [border: (5px solid #800000)]
    RenderBlock (anonymous multi-column span) at (5,5) size 750x0
layer at (13,88) size 750x374
  RenderBlock (anonymous multi-column) at (5,24) size 750x374
    RenderBlock {H2} at (0,0) size 367x27 [bgcolor=#EEEEEE]
      RenderText {#text} at (0,0) size 276x26
        text run at (0,0) width 276: "This is a spanning element."
    RenderBlock (anonymous) at (0,46) size 367x688
      RenderText {#text} at (0,0) size 363x687
        text run at (0,0) width 354: "Lorem ipsum dolor sit amet, consectetuer adipiscing elit."
        text run at (0,20) width 351: "Nulla varius enim ac mi. Curabitur sollicitudin felis quis"
        text run at (0,40) width 325: "lectus. Quisque adipiscing rhoncus sem. Proin nulla"
        text run at (0,60) width 358: "purus, vulputate vel, varius ut, euismod et, nisi. Sed vitae"
        text run at (0,80) width 343: "felis vel orci sagittis aliquam. Cras convallis adipiscing"
        text run at (0,100) width 340: "sem. Nam nonummy enim. Nullam bibendum lobortis"
        text run at (0,120) width 344: "neque. Vestibulum velit orci, tempus euismod, pretium"
        text run at (0,140) width 343: "quis, interdum vitae, nulla. Phasellus eget ante et tortor"
        text run at (0,160) width 343: "condimentum vestibulum. Suspendisse hendrerit quam"
        text run at (0,180) width 362: "nec felis. Sed varius turpis vitae pede. Lorem ipsum dolor"
        text run at (0,200) width 233: "sit amet, consectetuer adipiscing elit. "
        text run at (233,200) width 121: "Lorem ipsum dolor"
        text run at (0,220) width 363: "sit amet, consectetuer adipiscing elit. Nulla varius enim ac"
        text run at (0,240) width 318: "mi. Curabitur sollicitudin felis quis lectus. Quisque"
        text run at (0,260) width 356: "adipiscing rhoncus sem. Proin nulla purus, vulputate vel,"
        text run at (0,280) width 354: "varius ut, euismod et, nisi. Sed vitae felis vel orci sagittis"
        text run at (0,300) width 351: "aliquam. Cras convallis adipiscing sem. Nam nonummy"
        text run at (0,328) width 358: "enim. Nullam bibendum lobortis neque. Vestibulum velit"
        text run at (0,348) width 361: "orci, tempus euismod, pretium quis, interdum vitae, nulla."
        text run at (0,368) width 339: "Phasellus eget ante et tortor condimentum vestibulum."
        text run at (0,388) width 345: "Suspendisse hendrerit quam nec felis. Sed varius turpis"
        text run at (0,408) width 331: "vitae pede. Lorem ipsum dolor sit amet, consectetuer"
        text run at (0,428) width 95: "adipiscing elit. "
        text run at (95,428) width 259: "Lorem ipsum dolor sit amet, consectetuer"
        text run at (0,448) width 313: "adipiscing elit. Nulla varius enim ac mi. Curabitur"
        text run at (0,468) width 352: "sollicitudin felis quis lectus. Quisque adipiscing rhoncus"
        text run at (0,488) width 353: "sem. Proin nulla purus, vulputate vel, varius ut, euismod"
        text run at (0,508) width 326: "et, nisi. Sed vitae felis vel orci sagittis aliquam. Cras"
        text run at (0,528) width 350: "convallis adipiscing sem. Nam nonummy enim. Nullam"
        text run at (0,548) width 349: "bibendum lobortis neque. Vestibulum velit orci, tempus"
        text run at (0,568) width 343: "euismod, pretium quis, interdum vitae, nulla. Phasellus"
        text run at (0,588) width 357: "eget ante et tortor condimentum vestibulum. Suspendisse"
        text run at (0,608) width 336: "hendrerit quam nec felis. Sed varius turpis vitae pede."
        text run at (0,628) width 354: "Lorem ipsum dolor sit amet, consectetuer adipiscing elit."
        text run at (0,648) width 354: "Lorem ipsum dolor sit amet, consectetuer adipiscing elit."
        text run at (0,668) width 154: "Nulla varius enim ac mi."
layer at (8,483) size 760x414
  RenderBlock {DIV} at (0,475) size 760x414 [border: (5px solid #800000)]
    RenderBlock (anonymous multi-column span) at (5,345) size 750x0
layer at (13,488) size 750x340
  RenderBlock (anonymous multi-column) at (5,5) size 750x340
    RenderText {#text} at (0,0) size 363x679
      text run at (0,0) width 354: "Lorem ipsum dolor sit amet, consectetuer adipiscing elit."
      text run at (0,20) width 351: "Nulla varius enim ac mi. Curabitur sollicitudin felis quis"
      text run at (0,40) width 325: "lectus. Quisque adipiscing rhoncus sem. Proin nulla"
      text run at (0,60) width 358: "purus, vulputate vel, varius ut, euismod et, nisi. Sed vitae"
      text run at (0,80) width 343: "felis vel orci sagittis aliquam. Cras convallis adipiscing"
      text run at (0,100) width 340: "sem. Nam nonummy enim. Nullam bibendum lobortis"
      text run at (0,120) width 344: "neque. Vestibulum velit orci, tempus euismod, pretium"
      text run at (0,140) width 343: "quis, interdum vitae, nulla. Phasellus eget ante et tortor"
      text run at (0,160) width 343: "condimentum vestibulum. Suspendisse hendrerit quam"
      text run at (0,180) width 362: "nec felis. Sed varius turpis vitae pede. Lorem ipsum dolor"
      text run at (0,200) width 233: "sit amet, consectetuer adipiscing elit. "
      text run at (233,200) width 121: "Lorem ipsum dolor"
      text run at (0,220) width 363: "sit amet, consectetuer adipiscing elit. Nulla varius enim ac"
      text run at (0,240) width 318: "mi. Curabitur sollicitudin felis quis lectus. Quisque"
      text run at (0,260) width 356: "adipiscing rhoncus sem. Proin nulla purus, vulputate vel,"
      text run at (0,280) width 354: "varius ut, euismod et, nisi. Sed vitae felis vel orci sagittis"
      text run at (0,300) width 351: "aliquam. Cras convallis adipiscing sem. Nam nonummy"
      text run at (0,320) width 358: "enim. Nullam bibendum lobortis neque. Vestibulum velit"
      text run at (0,340) width 361: "orci, tempus euismod, pretium quis, interdum vitae, nulla."
      text run at (0,360) width 339: "Phasellus eget ante et tortor condimentum vestibulum."
      text run at (0,380) width 345: "Suspendisse hendrerit quam nec felis. Sed varius turpis"
      text run at (0,400) width 331: "vitae pede. Lorem ipsum dolor sit amet, consectetuer"
      text run at (0,420) width 95: "adipiscing elit. "
      text run at (95,420) width 259: "Lorem ipsum dolor sit amet, consectetuer"
      text run at (0,440) width 313: "adipiscing elit. Nulla varius enim ac mi. Curabitur"
      text run at (0,460) width 352: "sollicitudin felis quis lectus. Quisque adipiscing rhoncus"
      text run at (0,480) width 353: "sem. Proin nulla purus, vulputate vel, varius ut, euismod"
      text run at (0,500) width 326: "et, nisi. Sed vitae felis vel orci sagittis aliquam. Cras"
      text run at (0,520) width 350: "convallis adipiscing sem. Nam nonummy enim. Nullam"
      text run at (0,540) width 349: "bibendum lobortis neque. Vestibulum velit orci, tempus"
      text run at (0,560) width 343: "euismod, pretium quis, interdum vitae, nulla. Phasellus"
      text run at (0,580) width 357: "eget ante et tortor condimentum vestibulum. Suspendisse"
      text run at (0,600) width 336: "hendrerit quam nec felis. Sed varius turpis vitae pede."
      text run at (0,620) width 354: "Lorem ipsum dolor sit amet, consectetuer adipiscing elit."
      text run at (0,640) width 354: "Lorem ipsum dolor sit amet, consectetuer adipiscing elit."
      text run at (0,660) width 154: "Nulla varius enim ac mi."
layer at (13,847) size 750x26
  RenderBlock (anonymous multi-column) at (5,364) size 750x26
    RenderBlock {H2} at (0,0) size 367x27 [bgcolor=#EEEEEE]
      RenderText {#text} at (0,0) size 276x26
        text run at (0,0) width 276: "This is a spanning element."
layer at (8,913) size 760x455
  RenderBlock {DIV} at (0,905) size 760x455 [border: (5px solid #800000)]
    RenderBlock (anonymous multi-column span) at (5,177) size 750x0
layer at (13,934) size 750x140
  RenderBlock (anonymous multi-column) at (5,21) size 750x140
    RenderBlock {P} at (0,0) size 367x260
      RenderText {#text} at (0,0) size 363x259
        text run at (0,0) width 354: "Lorem ipsum dolor sit amet, consectetuer adipiscing elit."
        text run at (0,20) width 351: "Nulla varius enim ac mi. Curabitur sollicitudin felis quis"
        text run at (0,40) width 325: "lectus. Quisque adipiscing rhoncus sem. Proin nulla"
        text run at (0,60) width 358: "purus, vulputate vel, varius ut, euismod et, nisi. Sed vitae"
        text run at (0,80) width 343: "felis vel orci sagittis aliquam. Cras convallis adipiscing"
        text run at (0,100) width 340: "sem. Nam nonummy enim. Nullam bibendum lobortis"
        text run at (0,120) width 344: "neque. Vestibulum velit orci, tempus euismod, pretium"
        text run at (0,140) width 343: "quis, interdum vitae, nulla. Phasellus eget ante et tortor"
        text run at (0,160) width 343: "condimentum vestibulum. Suspendisse hendrerit quam"
        text run at (0,180) width 362: "nec felis. Sed varius turpis vitae pede. Lorem ipsum dolor"
        text run at (0,200) width 233: "sit amet, consectetuer adipiscing elit. "
        text run at (233,200) width 121: "Lorem ipsum dolor"
        text run at (0,220) width 363: "sit amet, consectetuer adipiscing elit. Nulla varius enim ac"
        text run at (0,240) width 20: "mi."
layer at (13,1093) size 750x254
  RenderBlock (anonymous multi-column) at (5,180) size 750x254
    RenderBlock {H2} at (0,0) size 367x27 [bgcolor=#EEEEEE]
      RenderText {#text} at (0,0) size 276x26
        text run at (0,0) width 276: "This is a spanning element."
    RenderBlock {P} at (0,46) size 367x448
      RenderText {#text} at (0,0) size 363x447
        text run at (0,0) width 354: "Lorem ipsum dolor sit amet, consectetuer adipiscing elit."
        text run at (0,20) width 351: "Nulla varius enim ac mi. Curabitur sollicitudin felis quis"
        text run at (0,40) width 325: "lectus. Quisque adipiscing rhoncus sem. Proin nulla"
        text run at (0,60) width 358: "purus, vulputate vel, varius ut, euismod et, nisi. Sed vitae"
        text run at (0,80) width 343: "felis vel orci sagittis aliquam. Cras convallis adipiscing"
        text run at (0,100) width 340: "sem. Nam nonummy enim. Nullam bibendum lobortis"
        text run at (0,120) width 344: "neque. Vestibulum velit orci, tempus euismod, pretium"
        text run at (0,140) width 343: "quis, interdum vitae, nulla. Phasellus eget ante et tortor"
        text run at (0,160) width 343: "condimentum vestibulum. Suspendisse hendrerit quam"
        text run at (0,180) width 362: "nec felis. Sed varius turpis vitae pede. Lorem ipsum dolor"
        text run at (0,208) width 233: "sit amet, consectetuer adipiscing elit. "
        text run at (233,208) width 121: "Lorem ipsum dolor"
        text run at (0,228) width 363: "sit amet, consectetuer adipiscing elit. Nulla varius enim ac"
        text run at (0,248) width 318: "mi. Curabitur sollicitudin felis quis lectus. Quisque"
        text run at (0,268) width 356: "adipiscing rhoncus sem. Proin nulla purus, vulputate vel,"
        text run at (0,288) width 354: "varius ut, euismod et, nisi. Sed vitae felis vel orci sagittis"
        text run at (0,308) width 351: "aliquam. Cras convallis adipiscing sem. Nam nonummy"
        text run at (0,328) width 358: "enim. Nullam bibendum lobortis neque. Vestibulum velit"
        text run at (0,348) width 361: "orci, tempus euismod, pretium quis, interdum vitae, nulla."
        text run at (0,368) width 339: "Phasellus eget ante et tortor condimentum vestibulum."
        text run at (0,388) width 345: "Suspendisse hendrerit quam nec felis. Sed varius turpis"
        text run at (0,408) width 331: "vitae pede. Lorem ipsum dolor sit amet, consectetuer"
        text run at (0,428) width 91: "adipiscing elit."
layer at (8,1384) size 760x449
  RenderBlock {DIV} at (0,1376) size 760x449 [border: (5px solid #800000)]
    RenderBlock (anonymous multi-column span) at (5,145) size 750x0
layer at (13,1389) size 750x140
  RenderBlock (anonymous multi-column) at (5,5) size 750x140
    RenderBlock (anonymous) at (0,0) size 367x260
      RenderText {#text} at (0,0) size 363x259
        text run at (0,0) width 354: "Lorem ipsum dolor sit amet, consectetuer adipiscing elit."
        text run at (0,20) width 351: "Nulla varius enim ac mi. Curabitur sollicitudin felis quis"
        text run at (0,40) width 325: "lectus. Quisque adipiscing rhoncus sem. Proin nulla"
        text run at (0,60) width 358: "purus, vulputate vel, varius ut, euismod et, nisi. Sed vitae"
        text run at (0,80) width 343: "felis vel orci sagittis aliquam. Cras convallis adipiscing"
        text run at (0,100) width 340: "sem. Nam nonummy enim. Nullam bibendum lobortis"
        text run at (0,120) width 344: "neque. Vestibulum velit orci, tempus euismod, pretium"
        text run at (0,140) width 343: "quis, interdum vitae, nulla. Phasellus eget ante et tortor"
        text run at (0,160) width 343: "condimentum vestibulum. Suspendisse hendrerit quam"
        text run at (0,180) width 362: "nec felis. Sed varius turpis vitae pede. Lorem ipsum dolor"
        text run at (0,200) width 233: "sit amet, consectetuer adipiscing elit. "
        text run at (233,200) width 121: "Lorem ipsum dolor"
        text run at (0,220) width 363: "sit amet, consectetuer adipiscing elit. Nulla varius enim ac"
        text run at (0,240) width 20: "mi."
layer at (13,1548) size 750x264
  RenderBlock (anonymous multi-column) at (5,164) size 750x264
    RenderBlock {H2} at (0,0) size 367x27 [bgcolor=#EEEEEE]
      RenderText {#text} at (0,0) size 276x26
        text run at (0,0) width 276: "This is a spanning element."
    RenderBlock (anonymous) at (0,46) size 367x238
      RenderInline {SPAN} at (0,0) size 42x19
        RenderText {#text} at (0,0) size 42x19
          text run at (0,0) width 42: "Lorem"
      RenderText {#text} at (42,0) size 362x237
        text run at (42,0) width 312: " ipsum dolor sit amet, consectetuer adipiscing elit."
        text run at (0,20) width 351: "Nulla varius enim ac mi. Curabitur sollicitudin felis quis"
        text run at (0,40) width 325: "lectus. Quisque adipiscing rhoncus sem. Proin nulla"
        text run at (0,60) width 358: "purus, vulputate vel, varius ut, euismod et, nisi. Sed vitae"
        text run at (0,80) width 343: "felis vel orci sagittis aliquam. Cras convallis adipiscing"
        text run at (0,100) width 340: "sem. Nam nonummy enim. Nullam bibendum lobortis"
        text run at (0,120) width 344: "neque. Vestibulum velit orci, tempus euismod, pretium"
        text run at (0,140) width 343: "quis, interdum vitae, nulla. Phasellus eget ante et tortor"
        text run at (0,160) width 343: "condimentum vestibulum. Suspendisse hendrerit quam"
        text run at (0,180) width 362: "nec felis. Sed varius turpis vitae pede. Lorem ipsum dolor"
        text run at (0,218) width 229: "sit amet, consectetuer adipiscing elit."
    RenderBlock {P} at (0,300) size 367x220
      RenderText {#text} at (0,0) size 362x219
        text run at (0,0) width 354: "Lorem ipsum dolor sit amet, consectetuer adipiscing elit."
        text run at (0,20) width 351: "Nulla varius enim ac mi. Curabitur sollicitudin felis quis"
        text run at (0,40) width 325: "lectus. Quisque adipiscing rhoncus sem. Proin nulla"
        text run at (0,60) width 358: "purus, vulputate vel, varius ut, euismod et, nisi. Sed vitae"
        text run at (0,80) width 343: "felis vel orci sagittis aliquam. Cras convallis adipiscing"
        text run at (0,100) width 340: "sem. Nam nonummy enim. Nullam bibendum lobortis"
        text run at (0,120) width 344: "neque. Vestibulum velit orci, tempus euismod, pretium"
        text run at (0,140) width 343: "quis, interdum vitae, nulla. Phasellus eget ante et tortor"
        text run at (0,160) width 343: "condimentum vestibulum. Suspendisse hendrerit quam"
        text run at (0,180) width 362: "nec felis. Sed varius turpis vitae pede. Lorem ipsum dolor"
        text run at (0,200) width 229: "sit amet, consectetuer adipiscing elit."
layer at (8,1849) size 760x429
  RenderBlock {DIV} at (0,1841) size 760x429 [border: (5px solid #800000)]
    RenderBlock (anonymous multi-column span) at (5,245) size 750x0
layer at (13,1854) size 750x240
  RenderBlock (anonymous multi-column) at (5,5) size 750x240
    RenderBlock (anonymous) at (0,0) size 367x220
      RenderInline {SPAN} at (0,0) size 362x219
        RenderText {#text} at (0,0) size 362x219
          text run at (0,0) width 354: "Lorem ipsum dolor sit amet, consectetuer adipiscing elit."
          text run at (0,20) width 351: "Nulla varius enim ac mi. Curabitur sollicitudin felis quis"
          text run at (0,40) width 325: "lectus. Quisque adipiscing rhoncus sem. Proin nulla"
          text run at (0,60) width 358: "purus, vulputate vel, varius ut, euismod et, nisi. Sed vitae"
          text run at (0,80) width 343: "felis vel orci sagittis aliquam. Cras convallis adipiscing"
          text run at (0,100) width 340: "sem. Nam nonummy enim. Nullam bibendum lobortis"
          text run at (0,120) width 344: "neque. Vestibulum velit orci, tempus euismod, pretium"
          text run at (0,140) width 343: "quis, interdum vitae, nulla. Phasellus eget ante et tortor"
          text run at (0,160) width 343: "condimentum vestibulum. Suspendisse hendrerit quam"
          text run at (0,180) width 362: "nec felis. Sed varius turpis vitae pede. Lorem ipsum dolor"
          text run at (0,200) width 229: "sit amet, consectetuer adipiscing elit."
    RenderBlock (anonymous) at (0,220) size 367x40
      RenderBlock {SPAN} at (0,0) size 367x40
        RenderText {#text} at (0,0) size 354x39
          text run at (0,0) width 354: "Lorem ipsum dolor sit amet, consectetuer adipiscing elit."
          text run at (0,20) width 154: "Nulla varius enim ac mi."
    RenderBlock (anonymous) at (0,260) size 367x220
      RenderInline {SPAN} at (0,0) size 42x19
        RenderText {#text} at (0,0) size 42x19
          text run at (0,0) width 42: "Lorem"
      RenderText {#text} at (42,0) size 362x219
        text run at (42,0) width 312: " ipsum dolor sit amet, consectetuer adipiscing elit."
        text run at (0,20) width 351: "Nulla varius enim ac mi. Curabitur sollicitudin felis quis"
        text run at (0,40) width 325: "lectus. Quisque adipiscing rhoncus sem. Proin nulla"
        text run at (0,60) width 358: "purus, vulputate vel, varius ut, euismod et, nisi. Sed vitae"
        text run at (0,80) width 343: "felis vel orci sagittis aliquam. Cras convallis adipiscing"
        text run at (0,100) width 340: "sem. Nam nonummy enim. Nullam bibendum lobortis"
        text run at (0,120) width 344: "neque. Vestibulum velit orci, tempus euismod, pretium"
        text run at (0,140) width 343: "quis, interdum vitae, nulla. Phasellus eget ante et tortor"
        text run at (0,160) width 343: "condimentum vestibulum. Suspendisse hendrerit quam"
        text run at (0,180) width 362: "nec felis. Sed varius turpis vitae pede. Lorem ipsum dolor"
        text run at (0,200) width 229: "sit amet, consectetuer adipiscing elit."
layer at (13,2113) size 750x144
  RenderBlock (anonymous multi-column) at (5,264) size 750x144
    RenderBlock {H2} at (0,0) size 367x27 [bgcolor=#EEEEEE]
      RenderText {#text} at (0,0) size 276x26
        text run at (0,0) width 276: "This is a spanning element."
    RenderBlock {P} at (0,46) size 367x238
      RenderText {#text} at (0,0) size 362x237
        text run at (0,0) width 354: "Lorem ipsum dolor sit amet, consectetuer adipiscing elit."
        text run at (0,20) width 351: "Nulla varius enim ac mi. Curabitur sollicitudin felis quis"
        text run at (0,40) width 325: "lectus. Quisque adipiscing rhoncus sem. Proin nulla"
        text run at (0,60) width 358: "purus, vulputate vel, varius ut, euismod et, nisi. Sed vitae"
        text run at (0,98) width 343: "felis vel orci sagittis aliquam. Cras convallis adipiscing"
        text run at (0,118) width 340: "sem. Nam nonummy enim. Nullam bibendum lobortis"
        text run at (0,138) width 344: "neque. Vestibulum velit orci, tempus euismod, pretium"
        text run at (0,158) width 343: "quis, interdum vitae, nulla. Phasellus eget ante et tortor"
        text run at (0,178) width 343: "condimentum vestibulum. Suspendisse hendrerit quam"
        text run at (0,198) width 362: "nec felis. Sed varius turpis vitae pede. Lorem ipsum dolor"
        text run at (0,218) width 229: "sit amet, consectetuer adipiscing elit."
layer at (8,2294) size 760x459
  RenderBlock {DIV} at (0,2286) size 760x459 [border: (5px solid #800000)]
    RenderBlock (anonymous multi-column span) at (5,297) size 750x0
layer at (13,2315) size 750x260
  RenderBlock (anonymous multi-column) at (5,21) size 750x260
    RenderBlock {P} at (0,0) size 367x220
      RenderText {#text} at (0,0) size 362x219
        text run at (0,0) width 354: "Lorem ipsum dolor sit amet, consectetuer adipiscing elit."
        text run at (0,20) width 351: "Nulla varius enim ac mi. Curabitur sollicitudin felis quis"
        text run at (0,40) width 325: "lectus. Quisque adipiscing rhoncus sem. Proin nulla"
        text run at (0,60) width 358: "purus, vulputate vel, varius ut, euismod et, nisi. Sed vitae"
        text run at (0,80) width 343: "felis vel orci sagittis aliquam. Cras convallis adipiscing"
        text run at (0,100) width 340: "sem. Nam nonummy enim. Nullam bibendum lobortis"
        text run at (0,120) width 344: "neque. Vestibulum velit orci, tempus euismod, pretium"
        text run at (0,140) width 343: "quis, interdum vitae, nulla. Phasellus eget ante et tortor"
        text run at (0,160) width 343: "condimentum vestibulum. Suspendisse hendrerit quam"
        text run at (0,180) width 362: "nec felis. Sed varius turpis vitae pede. Lorem ipsum dolor"
        text run at (0,200) width 229: "sit amet, consectetuer adipiscing elit."
    RenderBlock {P} at (0,236) size 367x44
      RenderText {#text} at (0,0) size 354x43
        text run at (0,0) width 354: "Lorem ipsum dolor sit amet, consectetuer adipiscing elit."
        text run at (0,24) width 154: "Nulla varius enim ac mi."
    RenderBlock {P} at (0,296) size 367x220
      RenderText {#text} at (0,0) size 362x219
        text run at (0,0) width 354: "Lorem ipsum dolor sit amet, consectetuer adipiscing elit."
        text run at (0,20) width 351: "Nulla varius enim ac mi. Curabitur sollicitudin felis quis"
        text run at (0,40) width 325: "lectus. Quisque adipiscing rhoncus sem. Proin nulla"
        text run at (0,60) width 358: "purus, vulputate vel, varius ut, euismod et, nisi. Sed vitae"
        text run at (0,80) width 343: "felis vel orci sagittis aliquam. Cras convallis adipiscing"
        text run at (0,100) width 340: "sem. Nam nonummy enim. Nullam bibendum lobortis"
        text run at (0,120) width 344: "neque. Vestibulum velit orci, tempus euismod, pretium"
        text run at (0,140) width 343: "quis, interdum vitae, nulla. Phasellus eget ante et tortor"
        text run at (0,160) width 343: "condimentum vestibulum. Suspendisse hendrerit quam"
        text run at (0,180) width 362: "nec felis. Sed varius turpis vitae pede. Lorem ipsum dolor"
        text run at (0,200) width 229: "sit amet, consectetuer adipiscing elit."
layer at (13,2594) size 750x154
  RenderBlock (anonymous multi-column) at (5,300) size 750x154
    RenderBlock {H2} at (0,0) size 367x27 [bgcolor=#EEEEEE]
      RenderText {#text} at (0,0) size 276x26
        text run at (0,0) width 276: "This is a spanning element."
    RenderBlock (anonymous) at (0,46) size 367x20
      RenderInline {SPAN} at (0,0) size 354x19
        RenderText {#text} at (0,0) size 354x19
          text run at (0,0) width 354: "Lorem ipsum dolor sit amet, consectetuer adipiscing elit."
    RenderBlock (anonymous) at (0,66) size 367x20
      RenderBlock {SPAN} at (0,0) size 367x20
        RenderText {#text} at (0,0) size 154x19
          text run at (0,0) width 154: "Nulla varius enim ac mi."
    RenderBlock (anonymous) at (0,86) size 367x208
      RenderInline {SPAN} at (0,0) size 362x207
        RenderText {#text} at (0,0) size 362x207
          text run at (0,0) width 362: "Curabitur sollicitudin felis quis lectus. Quisque adipiscing"
          text run at (0,20) width 350: "rhoncus sem. Proin nulla purus, vulputate vel, varius ut,"
          text run at (0,40) width 350: "euismod et, nisi. Sed vitae felis vel orci sagittis aliquam."
          text run at (0,68) width 332: "Cras convallis adipiscing sem. Nam nonummy enim."
          text run at (0,88) width 351: "Nullam bibendum lobortis neque. Vestibulum velit orci,"
          text run at (0,108) width 329: "tempus euismod, pretium quis, interdum vitae, nulla."
          text run at (0,128) width 339: "Phasellus eget ante et tortor condimentum vestibulum."
          text run at (0,148) width 345: "Suspendisse hendrerit quam nec felis. Sed varius turpis"
          text run at (0,168) width 331: "vitae pede. Lorem ipsum dolor sit amet, consectetuer"
          text run at (0,188) width 91: "adipiscing elit."
      RenderText {#text} at (0,0) size 0x0
