CONSOLE MESSAGE: line 226: SyntaxError: Parse error
layer at (0,0) size 800x600
  RenderView at (0,0) size 800x600
layer at (0,0) size 680x203
  RenderBlock (floating) {HTML} at (0,0) size 10x203 [color=#FF0000] [bgcolor=#FF0000]
    RenderBody {BODY} at (0,0) size 10x203
      RenderBlock {H1} at (0,21) size 500x37 [color=#000000]
        RenderInline {A} at (0,0) size 185x36
          RenderText {#text} at (0,0) size 185x36
            text run at (0,0) width 185: "Selectors API"
        RenderText {#text} at (185,0) size 144x36
          text run at (185,0) width 144: " Test Suite"
      RenderBlock {P} at (0,79) size 500x40 [color=#000000]
        RenderText {#text} at (0,0) size 92x19
          text run at (0,0) width 92: "Testrunner by "
        RenderInline {A} at (0,0) size 70x19
          RenderText {#text} at (92,0) size 70x19
            text run at (92,0) width 70: "John Resig"
        RenderText {#text} at (162,0) size 59x19
          text run at (162,0) width 59: ", tests by "
        RenderInline {A} at (0,0) size 70x19
          RenderText {#text} at (221,0) size 70x19
            text run at (221,0) width 70: "John Resig"
        RenderText {#text} at (291,0) size 8x19
          text run at (291,0) width 8: ", "
        RenderInline {A} at (0,0) size 144x19
          RenderText {#text} at (299,0) size 144x19
            text run at (299,0) width 144: "Disruptive Innovations"
        RenderText {#text} at (443,0) size 8x19
          text run at (443,0) width 8: ", "
        RenderInline {A} at (0,0) size 485x39
          RenderText {#text} at (451,0) size 485x39
            text run at (451,0) width 34: "W3C"
            text run at (0,20) width 134: "CSS Working Group"
        RenderText {#text} at (134,20) size 8x19
          text run at (134,20) width 8: ", "
        RenderInline {A} at (0,0) size 164x19
          RenderText {#text} at (142,20) size 164x19
            text run at (142,20) width 164: "jQuery JavaScript Library"
        RenderText {#text} at (306,20) size 4x19
          text run at (306,20) width 4: "."
      RenderBlock {P} at (0,135) size 500x21 [color=#000000]
        RenderInline {LABEL} at (0,0) size 172x19
          RenderBlock {INPUT} at (3,3) size 13x13
          RenderText {#text} at (20,1) size 152x19
            text run at (20,1) width 152: " Show only failing tests."
      RenderBlock {OL} at (0,172) size 680x20 [color=#000000] [bgcolor=#FFFFFF]
